"sample","PGS000018","PGS000027"
"FB00000","0.04664194115404019","-0.026108572034897838"
"FB00001","0.046473548968197664","-0.01944349739784806"
"FB00002","0.01860531456688652","-0.048849357734917775"
"FB00005","0.09635662081759389","-0.008702308466505451"
"FB00006","-0.0025533880781642704","-0.0284089118986304"
"FB00012","0.11860762092113875","-0.01715291691326384"
"FB00015","-0.030661793160652207","-0.006752349504142479"
"FB00016","0.10290153532837198","-0.007215940120556787"
"FB00017","0.03262986172381111","-0.09410789954034571"
"FB00021","0.022555169968718203","-0.036182832325766204"
"FB00022","0.0768163835060468","-0.024783190475375118"
"FB00023","0.08759385152201404","-0.02150855071304954"
"FB00025","0.0040451418201905565","-0.008324781091333253"
"FB00027","0.0650705113259839","-7.933085611320119E-4"
"FB00031","0.07995943904141077","-0.05982016016444393"
"FB00032","0.05557840882651398","-0.0127746714119891"
"FB00034","0.07324427358794296","-0.032207360491022685"
"FB00035","0.03097300761552324","-0.03855354514552662"
"FB00037","-0.0017104972475544544","-0.019258029999327048"
"FB00038","0.0018314895071264714","-0.014035846958411754"
"FB00039","0.08788347946980135","0.014756201460838662"
"FB00040","0.012299431047074427","-0.018926856322718327"
"FB00041","0.032561912264184464","-0.016990246539669844"
"FB00044","0.05232364364253528","0.0034507950550628913"
"FB00049","0.07112284893528331","-0.032824601397084534"
"FB00051","0.05276269027189234","-0.06056555833566679"
"FB00052","0.02980149625929543","-0.021732605958906102"
"FB00053","0.05927775895777182","-0.033895586955285086"
"FB00055","0.05159167269355572","0.004995836630416842"
"FB00056","0.020538819609443093","0.0051643324750648804"
"FB00058","0.07828896415952802","-0.006493442166922773"
"FB00059","0.08348782324938098","-0.008567153536728787"
"FB00062","0.05365669041635979","-0.01583572289542549"
"FB00064","0.09073370074477305","-0.01034125705849519"
"FB00066","0.03827477232723664","-0.04901487505898255"
"FB00068","0.016121233836693713","-0.026767426752325622"
"FB00069","0.054525365031071915","-0.002405367598872856"
"FB00071","0.06594840115830247","-0.015005359961364217"
"FB00072","0.0626344175212224","-0.01794991319186977"
"FB00074","0.05421871825100552","-0.00828073012878627"
"FB00075","-0.018515775207845753","0.011050767293117925"
"FB00077","0.0034688441091486055","0.003117522869185806"
"FB00078","0.08262886701854727","-0.014220442818209063"
"FB00082","0.023053504886497822","-0.0045837701196342825"
"FB00086","-0.025994252584710276","-0.0031489095310330163"
"FB00089","0.045873886044444534","-0.037191677702669734"
"FB00090","-0.030369602599949364","-0.028445395365958484"
"FB00091","0.06361893758170238","-0.02922199586890263"
"FB00093","-0.004085784655886382","-0.010624268117394774"
"FB00094","0.033137799014860636","-0.028988948826551272"
"FB00095","0.05287047005169693","-0.01723267234354091"
